[
  {
    "key": 387257,
    "value": "Bassam, Muhafazat Baghdad, Iraq",
    "type": "City"
  },
  {
    "key": 433897,
    "value": "Khalid Ibn al Walid, Muhafazat al Iskandariyah, Egypt",
    "type": "City"
  }
]
