{
  "locations": [
    {
      "locationId": 10057,
      "latitude": -33.45694,
      "longitude": -70.64827,
      "diseaseRisks": [
        {
          "diseaseRiskId": 1375741769,
          "diseaseId": 82,
          "url": "http://localhost/Biod.George.Api/disease?id=82",
          "seasonal": false,
          "mediaBuzz": 0.0,
          "defaultRisk": {
            "level": {
              "phrase": "Low",
              "level": 1
            },
            "riskValue": 5.0
          },
          "contextSpecificMessages": []
        },
        {
          "diseaseRiskId": 335554377,
          "diseaseId": 20,
          "url": "http://localhost/Biod.George.Api/disease?id=20",
          "seasonal": false,
          "mediaBuzz": 0.0,
          "defaultRisk": {
            "level": {
              "phrase": "Low",
              "level": 1
            },
            "riskValue": 1.5
          },
          "contextSpecificMessages": []
        },
        {
          "diseaseRiskId": 603989833,
          "diseaseId": 36,
          "url": "http://localhost/Biod.George.Api/disease?id=36",
          "seasonal": false,
          "mediaBuzz": 0.0,
          "defaultRisk": {
            "level": {
              "phrase": "Low",
              "level": 1
            },
            "riskValue": 9.0
          },
          "contextSpecificMessages": []
        },
        {
          "diseaseRiskId": 1426073417,
          "diseaseId": 85,
          "url": "http://localhost/Biod.George.Api/disease?id=85",
          "seasonal": false,
          "mediaBuzz": 0.0,
          "defaultRisk": {
            "level": {
              "phrase": "Low",
              "level": 1
            },
            "riskValue": 8.0
          },
          "contextSpecificMessages": []
        },
        {
          "diseaseRiskId": 587212617,
          "diseaseId": 35,
          "url": "http://localhost/Biod.George.Api/disease?id=35",
          "seasonal": false,
          "mediaBuzz": 0.0,
          "defaultRisk": {
            "level": {
              "phrase": "Low",
              "level": 1
            },
            "riskValue": 5.0
          },
          "contextSpecificMessages": []
        },
        {
          "diseaseRiskId": 1459627849,
          "diseaseId": 87,
          "url": "http://localhost/Biod.George.Api/disease?id=87",
          "seasonal": false,
          "mediaBuzz": 0.0,
          "defaultRisk": {
            "level": {
              "phrase": "Low",
              "level": 1
            },
            "riskValue": 1.5
          },
          "contextSpecificMessages": []
        },
        {
          "diseaseRiskId": 637544265,
          "diseaseId": 38,
          "url": "http://localhost/Biod.George.Api/disease?id=38",
          "seasonal": false,
          "mediaBuzz": 0.0,
          "defaultRisk": {
            "level": {
              "phrase": "Low",
              "level": 1
            },
            "riskValue": 9.0
          },
          "contextSpecificMessages": []
        },
        {
          "diseaseRiskId": 117450569,
          "diseaseId": 7,
          "url": "http://localhost/Biod.George.Api/disease?id=7",
          "seasonal": false,
          "mediaBuzz": 0.0,
          "defaultRisk": {
            "level": {
              "phrase": "Low",
              "level": 1
            },
            "riskValue": 3.0
          },
          "contextSpecificMessages": []
        },
        {
          "diseaseRiskId": 788539209,
          "diseaseId": 47,
          "url": "http://localhost/Biod.George.Api/disease?id=47",
          "seasonal": true,
          "mediaBuzz": 0.0,
          "defaultRisk": {
            "level": {
              "phrase": "Low",
              "level": 1
            },
            "riskValue": 1.0
          },
          "contextSpecificMessages": []
        },
        {
          "diseaseRiskId": 570435401,
          "diseaseId": 34,
          "url": "http://localhost/Biod.George.Api/disease?id=34",
          "seasonal": false,
          "mediaBuzz": 0.0,
          "defaultRisk": {
            "level": {
              "phrase": "Low",
              "level": 1
            },
            "riskValue": 1.0
          },
          "contextSpecificMessages": []
        },
        {
          "diseaseRiskId": 167782217,
          "diseaseId": 10,
          "url": "http://localhost/Biod.George.Api/disease?id=10",
          "seasonal": false,
          "mediaBuzz": 0.0,
          "defaultRisk": {
            "level": {
              "phrase": "Low",
              "level": 1
            },
            "riskValue": 4.0
          },
          "contextSpecificMessages": []
        },
        {
          "diseaseRiskId": 218113865,
          "diseaseId": 13,
          "url": "http://localhost/Biod.George.Api/disease?id=13",
          "seasonal": false,
          "mediaBuzz": 0.0,
          "defaultRisk": {
            "level": {
              "phrase": "Low",
              "level": 1
            },
            "riskValue": 8.0
          },
          "contextSpecificMessages": []
        },
        {
          "diseaseRiskId": 536880969,
          "diseaseId": 32,
          "url": "http://localhost/Biod.George.Api/disease?id=32",
          "seasonal": false,
          "mediaBuzz": 0.0,
          "defaultRisk": {
            "level": {
              "phrase": "Low",
              "level": 1
            },
            "riskValue": 5.0
          },
          "contextSpecificMessages": []
        },
        {
          "diseaseRiskId": 151005001,
          "diseaseId": 9,
          "url": "http://localhost/Biod.George.Api/disease?id=9",
          "seasonal": false,
          "mediaBuzz": 0.0,
          "defaultRisk": {
            "level": {
              "phrase": "Low",
              "level": 1
            },
            "riskValue": 4.5
          },
          "contextSpecificMessages": []
        },
        {
          "diseaseRiskId": 503326537,
          "diseaseId": 30,
          "url": "http://localhost/Biod.George.Api/disease?id=30",
          "seasonal": false,
          "mediaBuzz": 0.0,
          "defaultRisk": {
            "level": {
              "phrase": "Low",
              "level": 1
            },
            "riskValue": 5.0
          },
          "contextSpecificMessages": []
        },
        {
          "diseaseRiskId": 553658185,
          "diseaseId": 33,
          "url": "http://localhost/Biod.George.Api/disease?id=33",
          "seasonal": false,
          "mediaBuzz": 0.0,
          "defaultRisk": {
            "level": {
              "phrase": "Low",
              "level": 1
            },
            "riskValue": 2.0
          },
          "contextSpecificMessages": []
        },
        {
          "diseaseRiskId": 318777161,
          "diseaseId": 19,
          "url": "http://localhost/Biod.George.Api/disease?id=19",
          "seasonal": false,
          "mediaBuzz": 0.0,
          "defaultRisk": {
            "level": {
              "phrase": "Low",
              "level": 1
            },
            "riskValue": 1.8
          },
          "contextSpecificMessages": []
        },
        {
          "diseaseRiskId": 838870857,
          "diseaseId": 50,
          "url": "http://localhost/Biod.George.Api/disease?id=50",
          "seasonal": false,
          "mediaBuzz": 0.0,
          "defaultRisk": {
            "level": {
              "phrase": "Low",
              "level": 1
            },
            "riskValue": 6.0
          },
          "contextSpecificMessages": []
        },
        {
          "diseaseRiskId": 201336649,
          "diseaseId": 12,
          "url": "http://localhost/Biod.George.Api/disease?id=12",
          "seasonal": false,
          "mediaBuzz": 0.0,
          "defaultRisk": {
            "level": {
              "phrase": "Low",
              "level": 1
            },
            "riskValue": 12.0
          },
          "contextSpecificMessages": []
        }
      ],
      "waterQuality": "Safe"
    }
  ],
  "cacheTag": "1"
}